[2,
{"id":"1","x":"foo","y":5},
{"id":"2","x":"bar","y":10}]